// Jest Snapshot v1, https://goo.gl/fbAQLP

exports[`Test 1`] = `
<div>
  <div
    style={
      Object {
        "padding": "3px 7px",
      }
    }
  >
    <span>
      Test
    </span>
  </div>
</div>
`;
